2025-11-19 17:42:52,217 CRIT Supervisor is running as root.  Privileges were not dropped because no user is specified in the config file.  If you intend to run as root, you can set user=root in the config file to avoid this message.
2025-11-19 17:42:52,218 INFO Included extra file "/opt/docker/etc/supervisor.d/cron.conf" during parsing
2025-11-19 17:42:52,218 INFO Included extra file "/opt/docker/etc/supervisor.d/dnsmasq.conf" during parsing
2025-11-19 17:42:52,218 INFO Included extra file "/opt/docker/etc/supervisor.d/nginx.conf" during parsing
2025-11-19 17:42:52,218 INFO Included extra file "/opt/docker/etc/supervisor.d/php-fpm.conf" during parsing
2025-11-19 17:42:52,218 INFO Included extra file "/opt/docker/etc/supervisor.d/postfix.conf" during parsing
2025-11-19 17:42:52,218 INFO Included extra file "/opt/docker/etc/supervisor.d/ssh.conf" during parsing
2025-11-19 17:42:52,218 INFO Included extra file "/opt/docker/etc/supervisor.d/syslog.conf" during parsing
2025-11-19 17:42:52,221 INFO RPC interface 'supervisor' initialized
2025-11-19 17:42:52,221 INFO supervisord started with pid 1
2025-11-19 17:42:53,230 INFO spawned: 'syslogd' with pid 20
2025-11-19 17:42:53,235 INFO spawned: 'nginxd' with pid 21
2025-11-19 17:42:53,240 INFO spawned: 'php-fpmd' with pid 22
2025-11-19 17:42:53,245 INFO spawned: 'crond' with pid 23
2025-11-19 17:42:53,314 INFO success: nginxd entered RUNNING state, process has stayed up for > than 0 seconds (startsecs)
2025-11-19 17:42:53,315 INFO success: php-fpmd entered RUNNING state, process has stayed up for > than 0 seconds (startsecs)
2025-11-19 17:42:53,315 INFO success: crond entered RUNNING state, process has stayed up for > than 0 seconds (startsecs)
2025-11-19 17:42:54,552 INFO success: syslogd entered RUNNING state, process has stayed up for > than 1 seconds (startsecs)
2025-11-19 17:44:08,871 WARN received SIGQUIT indicating exit request
2025-11-19 17:44:08,873 INFO waiting for syslogd, nginxd, php-fpmd, crond to die
2025-11-19 17:44:10,887 WARN stopped: crond (terminated by SIGTERM)
2025-11-19 17:44:10,954 INFO stopped: php-fpmd (exit status 0)
2025-11-19 17:44:11,003 INFO stopped: nginxd (exit status 0)
2025-11-19 17:44:12,007 INFO waiting for syslogd to die
2025-11-19 17:44:12,126 INFO stopped: syslogd (exit status 0)
2025-11-19 17:44:22,072 CRIT Supervisor is running as root.  Privileges were not dropped because no user is specified in the config file.  If you intend to run as root, you can set user=root in the config file to avoid this message.
2025-11-19 17:44:22,073 INFO Included extra file "/opt/docker/etc/supervisor.d/cron.conf" during parsing
2025-11-19 17:44:22,073 INFO Included extra file "/opt/docker/etc/supervisor.d/dnsmasq.conf" during parsing
2025-11-19 17:44:22,073 INFO Included extra file "/opt/docker/etc/supervisor.d/nginx.conf" during parsing
2025-11-19 17:44:22,073 INFO Included extra file "/opt/docker/etc/supervisor.d/php-fpm.conf" during parsing
2025-11-19 17:44:22,073 INFO Included extra file "/opt/docker/etc/supervisor.d/postfix.conf" during parsing
2025-11-19 17:44:22,074 INFO Included extra file "/opt/docker/etc/supervisor.d/ssh.conf" during parsing
2025-11-19 17:44:22,074 INFO Included extra file "/opt/docker/etc/supervisor.d/syslog.conf" during parsing
2025-11-19 17:44:22,077 INFO RPC interface 'supervisor' initialized
2025-11-19 17:44:22,077 INFO supervisord started with pid 1
2025-11-19 17:44:23,092 INFO spawned: 'syslogd' with pid 20
2025-11-19 17:44:23,097 INFO spawned: 'nginxd' with pid 21
2025-11-19 17:44:23,102 INFO spawned: 'php-fpmd' with pid 22
2025-11-19 17:44:23,105 INFO spawned: 'crond' with pid 23
2025-11-19 17:44:23,164 INFO success: nginxd entered RUNNING state, process has stayed up for > than 0 seconds (startsecs)
2025-11-19 17:44:23,166 INFO success: php-fpmd entered RUNNING state, process has stayed up for > than 0 seconds (startsecs)
2025-11-19 17:44:23,166 INFO success: crond entered RUNNING state, process has stayed up for > than 0 seconds (startsecs)
2025-11-19 17:44:24,360 INFO success: syslogd entered RUNNING state, process has stayed up for > than 1 seconds (startsecs)
2025-11-19 17:46:19,905 WARN received SIGQUIT indicating exit request
2025-11-19 17:46:19,907 INFO waiting for syslogd, nginxd, php-fpmd, crond to die
2025-11-19 17:46:21,915 WARN stopped: crond (terminated by SIGTERM)
2025-11-19 17:46:21,969 INFO stopped: php-fpmd (exit status 0)
2025-11-19 17:46:22,007 INFO stopped: nginxd (exit status 0)
2025-11-19 17:46:23,015 INFO waiting for syslogd to die
2025-11-19 17:46:23,143 INFO stopped: syslogd (exit status 0)
2025-11-19 17:46:54,124 CRIT Supervisor is running as root.  Privileges were not dropped because no user is specified in the config file.  If you intend to run as root, you can set user=root in the config file to avoid this message.
2025-11-19 17:46:54,125 INFO Included extra file "/opt/docker/etc/supervisor.d/cron.conf" during parsing
2025-11-19 17:46:54,125 INFO Included extra file "/opt/docker/etc/supervisor.d/dnsmasq.conf" during parsing
2025-11-19 17:46:54,125 INFO Included extra file "/opt/docker/etc/supervisor.d/nginx.conf" during parsing
2025-11-19 17:46:54,125 INFO Included extra file "/opt/docker/etc/supervisor.d/php-fpm.conf" during parsing
2025-11-19 17:46:54,125 INFO Included extra file "/opt/docker/etc/supervisor.d/postfix.conf" during parsing
2025-11-19 17:46:54,125 INFO Included extra file "/opt/docker/etc/supervisor.d/ssh.conf" during parsing
2025-11-19 17:46:54,126 INFO Included extra file "/opt/docker/etc/supervisor.d/syslog.conf" during parsing
2025-11-19 17:46:54,129 INFO RPC interface 'supervisor' initialized
2025-11-19 17:46:54,129 INFO supervisord started with pid 1
2025-11-19 17:46:55,133 INFO spawned: 'syslogd' with pid 20
2025-11-19 17:46:55,134 INFO spawned: 'nginxd' with pid 21
2025-11-19 17:46:55,136 INFO spawned: 'php-fpmd' with pid 22
2025-11-19 17:46:55,137 INFO spawned: 'crond' with pid 23
2025-11-19 17:46:55,184 INFO success: nginxd entered RUNNING state, process has stayed up for > than 0 seconds (startsecs)
2025-11-19 17:46:55,186 INFO success: php-fpmd entered RUNNING state, process has stayed up for > than 0 seconds (startsecs)
2025-11-19 17:46:55,186 INFO success: crond entered RUNNING state, process has stayed up for > than 0 seconds (startsecs)
2025-11-19 17:46:56,409 INFO success: syslogd entered RUNNING state, process has stayed up for > than 1 seconds (startsecs)
2025-11-19 17:48:00,664 WARN received SIGQUIT indicating exit request
2025-11-19 17:48:00,666 INFO waiting for syslogd, nginxd, php-fpmd, crond to die
2025-11-19 17:48:02,684 WARN stopped: crond (terminated by SIGTERM)
2025-11-19 17:48:03,756 INFO stopped: php-fpmd (exit status 0)
2025-11-19 17:48:03,758 INFO waiting for syslogd, nginxd to die
2025-11-19 17:48:03,819 INFO stopped: nginxd (exit status 0)
2025-11-19 17:48:04,951 INFO stopped: syslogd (exit status 0)
2025-11-19 17:48:08,020 CRIT Supervisor is running as root.  Privileges were not dropped because no user is specified in the config file.  If you intend to run as root, you can set user=root in the config file to avoid this message.
2025-11-19 17:48:08,021 INFO Included extra file "/opt/docker/etc/supervisor.d/cron.conf" during parsing
2025-11-19 17:48:08,021 INFO Included extra file "/opt/docker/etc/supervisor.d/dnsmasq.conf" during parsing
2025-11-19 17:48:08,021 INFO Included extra file "/opt/docker/etc/supervisor.d/nginx.conf" during parsing
2025-11-19 17:48:08,021 INFO Included extra file "/opt/docker/etc/supervisor.d/php-fpm.conf" during parsing
2025-11-19 17:48:08,021 INFO Included extra file "/opt/docker/etc/supervisor.d/postfix.conf" during parsing
2025-11-19 17:48:08,021 INFO Included extra file "/opt/docker/etc/supervisor.d/ssh.conf" during parsing
2025-11-19 17:48:08,021 INFO Included extra file "/opt/docker/etc/supervisor.d/syslog.conf" during parsing
2025-11-19 17:48:08,024 INFO RPC interface 'supervisor' initialized
2025-11-19 17:48:08,025 INFO supervisord started with pid 1
2025-11-19 17:48:09,037 INFO spawned: 'syslogd' with pid 19
2025-11-19 17:48:09,041 INFO spawned: 'nginxd' with pid 20
2025-11-19 17:48:09,044 INFO spawned: 'php-fpmd' with pid 21
2025-11-19 17:48:09,051 INFO spawned: 'crond' with pid 22
2025-11-19 17:48:09,110 INFO success: nginxd entered RUNNING state, process has stayed up for > than 0 seconds (startsecs)
2025-11-19 17:48:09,111 INFO success: php-fpmd entered RUNNING state, process has stayed up for > than 0 seconds (startsecs)
2025-11-19 17:48:09,112 INFO success: crond entered RUNNING state, process has stayed up for > than 0 seconds (startsecs)
2025-11-19 17:48:10,299 INFO success: syslogd entered RUNNING state, process has stayed up for > than 1 seconds (startsecs)
2025-11-19 17:48:41,429 WARN received SIGQUIT indicating exit request
2025-11-19 17:48:41,432 INFO waiting for syslogd, nginxd, php-fpmd, crond to die
2025-11-19 17:48:43,449 WARN stopped: crond (terminated by SIGTERM)
2025-11-19 17:48:44,512 INFO stopped: php-fpmd (exit status 0)
2025-11-19 17:48:44,514 INFO waiting for syslogd, nginxd to die
2025-11-19 17:48:44,600 INFO stopped: nginxd (exit status 0)
2025-11-19 17:48:45,741 INFO stopped: syslogd (exit status 0)
2025-11-19 17:48:48,795 CRIT Supervisor is running as root.  Privileges were not dropped because no user is specified in the config file.  If you intend to run as root, you can set user=root in the config file to avoid this message.
2025-11-19 17:48:48,796 INFO Included extra file "/opt/docker/etc/supervisor.d/cron.conf" during parsing
2025-11-19 17:48:48,796 INFO Included extra file "/opt/docker/etc/supervisor.d/dnsmasq.conf" during parsing
2025-11-19 17:48:48,796 INFO Included extra file "/opt/docker/etc/supervisor.d/nginx.conf" during parsing
2025-11-19 17:48:48,796 INFO Included extra file "/opt/docker/etc/supervisor.d/php-fpm.conf" during parsing
2025-11-19 17:48:48,796 INFO Included extra file "/opt/docker/etc/supervisor.d/postfix.conf" during parsing
2025-11-19 17:48:48,797 INFO Included extra file "/opt/docker/etc/supervisor.d/ssh.conf" during parsing
2025-11-19 17:48:48,797 INFO Included extra file "/opt/docker/etc/supervisor.d/syslog.conf" during parsing
2025-11-19 17:48:48,799 INFO RPC interface 'supervisor' initialized
2025-11-19 17:48:48,800 INFO supervisord started with pid 1
2025-11-19 17:48:49,804 INFO spawned: 'syslogd' with pid 20
2025-11-19 17:48:49,806 INFO spawned: 'nginxd' with pid 21
2025-11-19 17:48:49,808 INFO spawned: 'php-fpmd' with pid 22
2025-11-19 17:48:49,809 INFO spawned: 'crond' with pid 23
2025-11-19 17:48:49,861 INFO success: nginxd entered RUNNING state, process has stayed up for > than 0 seconds (startsecs)
2025-11-19 17:48:49,861 INFO success: php-fpmd entered RUNNING state, process has stayed up for > than 0 seconds (startsecs)
2025-11-19 17:48:49,862 INFO success: crond entered RUNNING state, process has stayed up for > than 0 seconds (startsecs)
2025-11-19 17:48:51,061 INFO success: syslogd entered RUNNING state, process has stayed up for > than 1 seconds (startsecs)
2025-11-19 17:52:29,157 WARN received SIGQUIT indicating exit request
2025-11-19 17:52:29,187 INFO waiting for syslogd, nginxd, php-fpmd, crond to die
2025-11-19 17:52:31,208 WARN stopped: crond (terminated by SIGTERM)
2025-11-19 17:52:31,273 INFO stopped: php-fpmd (exit status 0)
2025-11-19 17:52:31,363 INFO stopped: nginxd (exit status 0)
2025-11-19 17:52:32,367 INFO waiting for syslogd to die
2025-11-19 17:52:32,497 INFO stopped: syslogd (exit status 0)
2025-11-19 17:53:11,418 CRIT Supervisor is running as root.  Privileges were not dropped because no user is specified in the config file.  If you intend to run as root, you can set user=root in the config file to avoid this message.
2025-11-19 17:53:11,419 INFO Included extra file "/opt/docker/etc/supervisor.d/cron.conf" during parsing
2025-11-19 17:53:11,419 INFO Included extra file "/opt/docker/etc/supervisor.d/dnsmasq.conf" during parsing
2025-11-19 17:53:11,419 INFO Included extra file "/opt/docker/etc/supervisor.d/nginx.conf" during parsing
2025-11-19 17:53:11,419 INFO Included extra file "/opt/docker/etc/supervisor.d/php-fpm.conf" during parsing
2025-11-19 17:53:11,419 INFO Included extra file "/opt/docker/etc/supervisor.d/postfix.conf" during parsing
2025-11-19 17:53:11,420 INFO Included extra file "/opt/docker/etc/supervisor.d/ssh.conf" during parsing
2025-11-19 17:53:11,420 INFO Included extra file "/opt/docker/etc/supervisor.d/syslog.conf" during parsing
2025-11-19 17:53:11,422 INFO RPC interface 'supervisor' initialized
2025-11-19 17:53:11,423 INFO supervisord started with pid 1
2025-11-19 17:53:12,433 INFO spawned: 'syslogd' with pid 23
2025-11-19 17:53:12,438 INFO spawned: 'nginxd' with pid 24
2025-11-19 17:53:12,441 INFO spawned: 'php-fpmd' with pid 25
2025-11-19 17:53:12,444 INFO spawned: 'crond' with pid 26
2025-11-19 17:53:12,504 INFO success: nginxd entered RUNNING state, process has stayed up for > than 0 seconds (startsecs)
2025-11-19 17:53:12,505 INFO success: php-fpmd entered RUNNING state, process has stayed up for > than 0 seconds (startsecs)
2025-11-19 17:53:12,505 INFO success: crond entered RUNNING state, process has stayed up for > than 0 seconds (startsecs)
2025-11-19 17:53:13,695 INFO success: syslogd entered RUNNING state, process has stayed up for > than 1 seconds (startsecs)
2025-11-19 17:56:05,453 WARN received SIGQUIT indicating exit request
2025-11-19 17:56:05,455 INFO waiting for syslogd, nginxd, php-fpmd, crond to die
2025-11-19 17:56:07,466 WARN stopped: crond (terminated by SIGTERM)
2025-11-19 17:56:07,496 INFO stopped: php-fpmd (exit status 0)
2025-11-19 17:56:07,543 INFO stopped: nginxd (exit status 0)
2025-11-19 17:56:08,551 INFO waiting for syslogd to die
2025-11-19 17:56:08,681 INFO stopped: syslogd (exit status 0)
2025-11-19 17:56:54,217 CRIT Supervisor is running as root.  Privileges were not dropped because no user is specified in the config file.  If you intend to run as root, you can set user=root in the config file to avoid this message.
2025-11-19 17:56:54,218 INFO Included extra file "/opt/docker/etc/supervisor.d/cron.conf" during parsing
2025-11-19 17:56:54,218 INFO Included extra file "/opt/docker/etc/supervisor.d/dnsmasq.conf" during parsing
2025-11-19 17:56:54,218 INFO Included extra file "/opt/docker/etc/supervisor.d/nginx.conf" during parsing
2025-11-19 17:56:54,218 INFO Included extra file "/opt/docker/etc/supervisor.d/php-fpm.conf" during parsing
2025-11-19 17:56:54,218 INFO Included extra file "/opt/docker/etc/supervisor.d/postfix.conf" during parsing
2025-11-19 17:56:54,219 INFO Included extra file "/opt/docker/etc/supervisor.d/ssh.conf" during parsing
2025-11-19 17:56:54,219 INFO Included extra file "/opt/docker/etc/supervisor.d/syslog.conf" during parsing
2025-11-19 17:56:54,222 INFO RPC interface 'supervisor' initialized
2025-11-19 17:56:54,222 INFO supervisord started with pid 1
2025-11-19 17:56:55,233 INFO spawned: 'syslogd' with pid 26
2025-11-19 17:56:55,238 INFO spawned: 'nginxd' with pid 27
2025-11-19 17:56:55,242 INFO spawned: 'php-fpmd' with pid 28
2025-11-19 17:56:55,248 INFO spawned: 'crond' with pid 29
2025-11-19 17:56:55,308 INFO success: nginxd entered RUNNING state, process has stayed up for > than 0 seconds (startsecs)
2025-11-19 17:56:55,308 INFO success: php-fpmd entered RUNNING state, process has stayed up for > than 0 seconds (startsecs)
2025-11-19 17:56:55,308 INFO success: crond entered RUNNING state, process has stayed up for > than 0 seconds (startsecs)
2025-11-19 17:56:56,494 INFO success: syslogd entered RUNNING state, process has stayed up for > than 1 seconds (startsecs)
2025-11-19 18:00:05,310 WARN received SIGQUIT indicating exit request
2025-11-19 18:00:05,313 INFO waiting for syslogd, nginxd, php-fpmd, crond to die
2025-11-19 18:00:07,325 WARN stopped: crond (terminated by SIGTERM)
2025-11-19 18:00:07,378 INFO stopped: php-fpmd (exit status 0)
2025-11-19 18:00:07,422 INFO stopped: nginxd (exit status 0)
2025-11-19 18:00:08,426 INFO waiting for syslogd to die
2025-11-19 18:00:08,572 INFO stopped: syslogd (exit status 0)
2025-11-19 18:00:14,875 CRIT Supervisor is running as root.  Privileges were not dropped because no user is specified in the config file.  If you intend to run as root, you can set user=root in the config file to avoid this message.
2025-11-19 18:00:14,875 INFO Included extra file "/opt/docker/etc/supervisor.d/cron.conf" during parsing
2025-11-19 18:00:14,876 INFO Included extra file "/opt/docker/etc/supervisor.d/dnsmasq.conf" during parsing
2025-11-19 18:00:14,876 INFO Included extra file "/opt/docker/etc/supervisor.d/nginx.conf" during parsing
2025-11-19 18:00:14,876 INFO Included extra file "/opt/docker/etc/supervisor.d/php-fpm.conf" during parsing
2025-11-19 18:00:14,876 INFO Included extra file "/opt/docker/etc/supervisor.d/postfix.conf" during parsing
2025-11-19 18:00:14,876 INFO Included extra file "/opt/docker/etc/supervisor.d/ssh.conf" during parsing
2025-11-19 18:00:14,876 INFO Included extra file "/opt/docker/etc/supervisor.d/syslog.conf" during parsing
2025-11-19 18:00:14,879 INFO RPC interface 'supervisor' initialized
2025-11-19 18:00:14,879 INFO supervisord started with pid 1
2025-11-19 18:00:15,896 INFO spawned: 'syslogd' with pid 26
2025-11-19 18:00:15,900 INFO spawned: 'nginxd' with pid 27
2025-11-19 18:00:15,906 INFO spawned: 'php-fpmd' with pid 28
2025-11-19 18:00:15,910 INFO spawned: 'crond' with pid 29
2025-11-19 18:00:15,966 INFO success: nginxd entered RUNNING state, process has stayed up for > than 0 seconds (startsecs)
2025-11-19 18:00:15,966 INFO success: php-fpmd entered RUNNING state, process has stayed up for > than 0 seconds (startsecs)
2025-11-19 18:00:15,967 INFO success: crond entered RUNNING state, process has stayed up for > than 0 seconds (startsecs)
2025-11-19 18:00:17,152 INFO success: syslogd entered RUNNING state, process has stayed up for > than 1 seconds (startsecs)
2025-11-19 18:02:43,812 WARN received SIGQUIT indicating exit request
2025-11-19 18:02:43,816 INFO waiting for syslogd, nginxd, php-fpmd, crond to die
2025-11-19 18:02:45,826 WARN stopped: crond (terminated by SIGTERM)
2025-11-19 18:02:45,876 INFO stopped: php-fpmd (exit status 0)
2025-11-19 18:02:45,930 INFO stopped: nginxd (exit status 0)
2025-11-19 18:02:46,937 INFO waiting for syslogd to die
2025-11-19 18:02:47,069 INFO stopped: syslogd (exit status 0)
2025-11-19 18:03:02,608 CRIT Supervisor is running as root.  Privileges were not dropped because no user is specified in the config file.  If you intend to run as root, you can set user=root in the config file to avoid this message.
2025-11-19 18:03:02,609 INFO Included extra file "/opt/docker/etc/supervisor.d/cron.conf" during parsing
2025-11-19 18:03:02,609 INFO Included extra file "/opt/docker/etc/supervisor.d/dnsmasq.conf" during parsing
2025-11-19 18:03:02,609 INFO Included extra file "/opt/docker/etc/supervisor.d/nginx.conf" during parsing
2025-11-19 18:03:02,609 INFO Included extra file "/opt/docker/etc/supervisor.d/php-fpm.conf" during parsing
2025-11-19 18:03:02,610 INFO Included extra file "/opt/docker/etc/supervisor.d/postfix.conf" during parsing
2025-11-19 18:03:02,610 INFO Included extra file "/opt/docker/etc/supervisor.d/ssh.conf" during parsing
2025-11-19 18:03:02,610 INFO Included extra file "/opt/docker/etc/supervisor.d/syslog.conf" during parsing
2025-11-19 18:03:02,612 INFO RPC interface 'supervisor' initialized
2025-11-19 18:03:02,613 INFO supervisord started with pid 1
2025-11-19 18:03:03,627 INFO spawned: 'syslogd' with pid 26
2025-11-19 18:03:03,631 INFO spawned: 'nginxd' with pid 27
2025-11-19 18:03:03,634 INFO spawned: 'php-fpmd' with pid 28
2025-11-19 18:03:03,639 INFO spawned: 'crond' with pid 29
2025-11-19 18:03:03,708 INFO success: nginxd entered RUNNING state, process has stayed up for > than 0 seconds (startsecs)
2025-11-19 18:03:03,708 INFO success: php-fpmd entered RUNNING state, process has stayed up for > than 0 seconds (startsecs)
2025-11-19 18:03:03,709 INFO success: crond entered RUNNING state, process has stayed up for > than 0 seconds (startsecs)
2025-11-19 18:03:04,897 INFO success: syslogd entered RUNNING state, process has stayed up for > than 1 seconds (startsecs)
2025-11-19 20:11:15,218 WARN received SIGQUIT indicating exit request
2025-11-19 20:11:15,220 INFO waiting for syslogd, nginxd, php-fpmd, crond to die
2025-11-19 20:11:17,232 WARN stopped: crond (terminated by SIGTERM)
2025-11-19 20:11:18,295 INFO stopped: php-fpmd (exit status 0)
2025-11-19 20:11:18,297 INFO waiting for syslogd, nginxd to die
2025-11-19 20:11:18,362 INFO stopped: nginxd (exit status 0)
2025-11-19 20:11:19,542 INFO stopped: syslogd (exit status 0)
2025-11-22 22:00:41,635 CRIT Supervisor is running as root.  Privileges were not dropped because no user is specified in the config file.  If you intend to run as root, you can set user=root in the config file to avoid this message.
2025-11-22 22:00:41,636 INFO Included extra file "/opt/docker/etc/supervisor.d/cron.conf" during parsing
2025-11-22 22:00:41,636 INFO Included extra file "/opt/docker/etc/supervisor.d/dnsmasq.conf" during parsing
2025-11-22 22:00:41,636 INFO Included extra file "/opt/docker/etc/supervisor.d/nginx.conf" during parsing
2025-11-22 22:00:41,636 INFO Included extra file "/opt/docker/etc/supervisor.d/php-fpm.conf" during parsing
2025-11-22 22:00:41,636 INFO Included extra file "/opt/docker/etc/supervisor.d/postfix.conf" during parsing
2025-11-22 22:00:41,637 INFO Included extra file "/opt/docker/etc/supervisor.d/ssh.conf" during parsing
2025-11-22 22:00:41,637 INFO Included extra file "/opt/docker/etc/supervisor.d/syslog.conf" during parsing
2025-11-22 22:00:41,639 INFO RPC interface 'supervisor' initialized
2025-11-22 22:00:41,640 INFO supervisord started with pid 1
2025-11-22 22:00:42,652 INFO spawned: 'syslogd' with pid 26
2025-11-22 22:00:42,654 INFO spawned: 'nginxd' with pid 27
2025-11-22 22:00:42,657 INFO spawned: 'php-fpmd' with pid 28
2025-11-22 22:00:42,659 INFO spawned: 'crond' with pid 29
2025-11-22 22:00:42,720 INFO success: nginxd entered RUNNING state, process has stayed up for > than 0 seconds (startsecs)
2025-11-22 22:00:42,722 INFO success: php-fpmd entered RUNNING state, process has stayed up for > than 0 seconds (startsecs)
2025-11-22 22:00:42,723 INFO success: crond entered RUNNING state, process has stayed up for > than 0 seconds (startsecs)
2025-11-22 22:00:43,913 INFO success: syslogd entered RUNNING state, process has stayed up for > than 1 seconds (startsecs)
